[premiumautoshipping.com/index.html]
[backblue.gif]
[fade.gif]
[index.html]
[img1.wsimg.com/blobby/go/font/LeagueSpartan/league-spartan.css]
[premiumautoshipping.com/manifest.webmanifest]
[premiumautoshipping.com/sw.js]
[premiumautoshipping.com/contact-us.html]
[premiumautoshipping.com/about-us.html]
[premiumautoshipping.com/get-a-quote.html]
[premiumautoshipping.com/privacy-policy.html]
[premiumautoshipping.com/terms-&-conditions.html]
[img1.wsimg.com/blobby/go/57000816-b929-441b-81cf-635c2815f5ac/gpub/b7f2ba16cf9f5463/script.js]
[img1.wsimg.com/blobby/go/57000816-b929-441b-81cf-635c2815f5ac/gpub/fdb914def28666b4/script.js]
[premiumautoshipping.com/index.html]
[img1.wsimg.com/blobby/go/font/LeagueSpartan/league-spartan.css]
[img1.wsimg.com/poly/v3/polyfill.mincc30.js]
[img1.wsimg.com/signals/js/clients/scc-c2/scc-c2.min.js]
[img1.wsimg.com/blobby/go/57000816-b929-441b-81cf-635c2815f5ac/gpub/3b892f4ef30333b2/script.js]
[img1.wsimg.com/ceph-p3-01/website-builder-data-prod/static/widgets/UX.4.37.2.js]
[premiumautoshipping.com/about-us.html]
[img1.wsimg.com/blobby/go/57000816-b929-441b-81cf-635c2815f5ac/gpub/bb4695d2b4b4aaa2/script.js]
[img1.wsimg.com/blobby/go/57000816-b929-441b-81cf-635c2815f5ac/gpub/2d40872ed357831/script.js]
[premiumautoshipping.com/contact-us.html]
[img1.wsimg.com/blobby/go/57000816-b929-441b-81cf-635c2815f5ac/gpub/4e5386bfbf657917/script.js]
[img1.wsimg.com/blobby/go/57000816-b929-441b-81cf-635c2815f5ac/gpub/1df6b52d32900a1e/script.js]
[premiumautoshipping.com/get-a-quote.html]
[img1.wsimg.com/blobby/go/57000816-b929-441b-81cf-635c2815f5ac/gpub/ef4d1f39dd74e823/script.js]
[premiumautoshipping.com/privacy-policy.html]
[img1.wsimg.com/blobby/go/57000816-b929-441b-81cf-635c2815f5ac/gpub/6f885c8a4e8179e1/script.js]
[img1.wsimg.com/blobby/go/57000816-b929-441b-81cf-635c2815f5ac/gpub/677e825e344ae1d8/script.js]
[premiumautoshipping.com/terms-&-conditions.html]
[img1.wsimg.com/blobby/go/57000816-b929-441b-81cf-635c2815f5ac/gpub/86e9bb2de11056c1/script.js]
[img1.wsimg.com/blobby/go/57000816-b929-441b-81cf-635c2815f5ac/gpub/4dac6e1fc81d55dd/script.js]
